<?xml version="1.0" encoding="UTF-8"?>
<module type="JAVA_MODULE" version="4">
  <component name="NewModuleRootManager" inherit-compiler-output="true">
    <content url="file://$MODULE_DIR$/../../modules/dep2">
      <excludeFolder url="file://$MODULE_DIR$/../../modules/dep2/src" isTestSource="false"  />

    </content>
    <orderEntry type="sourceFolder" forTests="false" />

    <orderEntry type="inheritedJdk" />
  </component>
</module>
