<?xml version="1.0" encoding="UTF-8"?>
<project version="4">
  <component name="ProjectModuleManager">
    <modules>
      <module fileurl="file://$PROJECT_DIR$/.idea/modules/modules_dep1.iml" filepath=".idea/modules/modules_dep1.iml"  group="modules"  />
      <module fileurl="file://$PROJECT_DIR$/.idea/modules/modules_dep2.iml" filepath=".idea/modules/modules_dep2.iml"  group="modules"  />
      <module fileurl="file://$PROJECT_DIR$/.idea/modules/project_root.iml" filepath=".idea/modules/project_root.iml"  />

   </modules>
  </component>
</project>